C:\Git\CursoBR2023\ProyectosFinales\proyectoDardos\Logical\Global.typ
C:\Git\CursoBR2023\ProyectosFinales\proyectoDardos\Logical\Global.var
C:\Git\CursoBR2023\ProyectosFinales\proyectoDardos\Logical\Libraries\operator\operator.fun
C:\Git\CursoBR2023\ProyectosFinales\proyectoDardos\Logical\Libraries\operator\operator.typ
C:\Git\CursoBR2023\ProyectosFinales\proyectoDardos\Logical\Libraries\operator\operator.var
C:\Git\CursoBR2023\ProyectosFinales\proyectoDardos\Logical\Libraries\runtime\runtime.fun
C:\Git\CursoBR2023\ProyectosFinales\proyectoDardos\Logical\Libraries\runtime\runtime.typ
C:\Git\CursoBR2023\ProyectosFinales\proyectoDardos\Logical\Libraries\runtime\runtime.var
C:\Git\CursoBR2023\ProyectosFinales\proyectoDardos\Logical\Libraries\astime\astime.fun
C:\Git\CursoBR2023\ProyectosFinales\proyectoDardos\Logical\Libraries\astime\astime.typ
C:\Git\CursoBR2023\ProyectosFinales\proyectoDardos\Logical\Libraries\astime\astime.var
C:\Git\CursoBR2023\ProyectosFinales\proyectoDardos\Logical\Libraries\AsIecCon\AsIecCon.fun
C:\Git\CursoBR2023\ProyectosFinales\proyectoDardos\Logical\Libraries\AsIecCon\AsIecCon.typ
C:\Git\CursoBR2023\ProyectosFinales\proyectoDardos\Logical\Libraries\AsIecCon\AsIecCon.var
C:\Git\CursoBR2023\ProyectosFinales\proyectoDardos\Logical\Libraries\visapi\Visapi.typ
C:\Git\CursoBR2023\ProyectosFinales\proyectoDardos\Logical\Libraries\visapi\Visapi.fun
C:\Git\CursoBR2023\ProyectosFinales\proyectoDardos\Logical\Libraries\visapi\Visapi.var
C:\Git\CursoBR2023\ProyectosFinales\proyectoDardos\Logical\Libraries\standard\standard.fun
C:\Git\CursoBR2023\ProyectosFinales\proyectoDardos\Logical\Libraries\standard\standard.typ
C:\Git\CursoBR2023\ProyectosFinales\proyectoDardos\Logical\Libraries\standard\standard.var
