<?xml version="1.0" encoding="utf-8"?>
<?AutomationStudio Version="4.11.2.75"?>
<Objects>
  <Object
    Path="C:\Proyectos\ProyectosBR\proyectoDardos\Logical\Package.pkg"
    LogicalPath=""
    Type="Package.ParentUnknown"
    LastWriteTime="133515358197814543" />
  <Object
    Path="C:\Proyectos\ProyectosBR\proyectoDardos\Logical\Global.typ"
    LogicalPath="Global.typ"
    Type="File"
    LastWriteTime="133515358197634609"
    Private="false" />
  <Object
    Path="C:\Proyectos\ProyectosBR\proyectoDardos\Logical\Global.var"
    LogicalPath="Global.var"
    Type="File"
    LastWriteTime="133515358197634609"
    Private="false" />
  <Object
    Path="C:\Proyectos\ProyectosBR\proyectoDardos\Logical\Libraries\Package.pkg"
    LogicalPath="Libraries"
    Type="Package"
    LastWriteTime="133515358197664683" />
  <Object
    Path="C:\Proyectos\ProyectosBR\proyectoDardos\Logical\Libraries\operator\binary.lby"
    LogicalPath="Libraries.operator"
    Type="Library"
    LastWriteTime="133515358197704468" />
  <Object
    Path="C:\Proyectos\ProyectosBR\proyectoDardos\Logical\Libraries\operator\operator.fun"
    LogicalPath="Libraries.operator.operator.fun"
    Type="File"
    LastWriteTime="133515358197714729"
    Private="false" />
  <Object
    Path="C:\Proyectos\ProyectosBR\proyectoDardos\Logical\Libraries\operator\operator.typ"
    LogicalPath="Libraries.operator.operator.typ"
    Type="File"
    LastWriteTime="133515358197714729"
    Private="false" />
  <Object
    Path="C:\Proyectos\ProyectosBR\proyectoDardos\Logical\Libraries\operator\operator.var"
    LogicalPath="Libraries.operator.operator.var"
    Type="File"
    LastWriteTime="133515358197714729"
    Private="false" />
  <Object
    Path="C:\Proyectos\ProyectosBR\proyectoDardos\Logical\Libraries\runtime\binary.lby"
    LogicalPath="Libraries.runtime"
    Type="Library"
    LastWriteTime="133515358197734442" />
  <Object
    Path="C:\Proyectos\ProyectosBR\proyectoDardos\Logical\Libraries\runtime\runtime.fun"
    LogicalPath="Libraries.runtime.runtime.fun"
    Type="File"
    LastWriteTime="133515358197734442"
    Private="false" />
  <Object
    Path="C:\Proyectos\ProyectosBR\proyectoDardos\Logical\Libraries\runtime\runtime.typ"
    LogicalPath="Libraries.runtime.runtime.typ"
    Type="File"
    LastWriteTime="133515358197744658"
    Private="false" />
  <Object
    Path="C:\Proyectos\ProyectosBR\proyectoDardos\Logical\Libraries\runtime\runtime.var"
    LogicalPath="Libraries.runtime.runtime.var"
    Type="File"
    LastWriteTime="133515358197744658"
    Private="false" />
  <Object
    Path="C:\Proyectos\ProyectosBR\proyectoDardos\Logical\Libraries\astime\binary.lby"
    LogicalPath="Libraries.astime"
    Type="Library"
    LastWriteTime="133515358197694551" />
  <Object
    Path="C:\Proyectos\ProyectosBR\proyectoDardos\Logical\Libraries\astime\astime.fun"
    LogicalPath="Libraries.astime.astime.fun"
    Type="File"
    LastWriteTime="133515358197684505"
    Private="false" />
  <Object
    Path="C:\Proyectos\ProyectosBR\proyectoDardos\Logical\Libraries\astime\astime.typ"
    LogicalPath="Libraries.astime.astime.typ"
    Type="File"
    LastWriteTime="133515358197694551"
    Private="false" />
  <Object
    Path="C:\Proyectos\ProyectosBR\proyectoDardos\Logical\Libraries\astime\astime.var"
    LogicalPath="Libraries.astime.astime.var"
    Type="File"
    LastWriteTime="133515358197694551"
    Private="false" />
  <Object
    Path="C:\Proyectos\ProyectosBR\proyectoDardos\Logical\Libraries\AsIecCon\binary.lby"
    LogicalPath="Libraries.AsIecCon"
    Type="Library"
    LastWriteTime="133515358197664683" />
  <Object
    Path="C:\Proyectos\ProyectosBR\proyectoDardos\Logical\Libraries\AsIecCon\AsIecCon.fun"
    LogicalPath="Libraries.AsIecCon.AsIecCon.fun"
    Type="File"
    LastWriteTime="133515358197644549"
    Private="false" />
  <Object
    Path="C:\Proyectos\ProyectosBR\proyectoDardos\Logical\Libraries\AsIecCon\AsIecCon.typ"
    LogicalPath="Libraries.AsIecCon.AsIecCon.typ"
    Type="File"
    LastWriteTime="133515358197644549"
    Private="false" />
  <Object
    Path="C:\Proyectos\ProyectosBR\proyectoDardos\Logical\Libraries\AsIecCon\AsIecCon.var"
    LogicalPath="Libraries.AsIecCon.AsIecCon.var"
    Type="File"
    LastWriteTime="133515358197654526"
    Private="false" />
  <Object
    Path="C:\Proyectos\ProyectosBR\proyectoDardos\Logical\Libraries\visapi\Binary.lby"
    LogicalPath="Libraries.visapi"
    Type="Library"
    LastWriteTime="133515358197774636" />
  <Object
    Path="C:\Proyectos\ProyectosBR\proyectoDardos\Logical\Libraries\visapi\Visapi.typ"
    LogicalPath="Libraries.visapi.Visapi.typ"
    Type="File"
    LastWriteTime="133515358197814543"
    Private="false" />
  <Object
    Path="C:\Proyectos\ProyectosBR\proyectoDardos\Logical\Libraries\visapi\Visapi.fun"
    LogicalPath="Libraries.visapi.Visapi.fun"
    Type="File"
    LastWriteTime="133515358197804490"
    Private="false" />
  <Object
    Path="C:\Proyectos\ProyectosBR\proyectoDardos\Logical\Libraries\visapi\Visapi.var"
    LogicalPath="Libraries.visapi.Visapi.var"
    Type="File"
    LastWriteTime="133515358197814543"
    Private="false" />
  <Object
    Path="C:\Proyectos\ProyectosBR\proyectoDardos\Logical\Libraries\standard\binary.lby"
    LogicalPath="Libraries.standard"
    Type="Library"
    LastWriteTime="133515358197764498" />
  <Object
    Path="C:\Proyectos\ProyectosBR\proyectoDardos\Logical\Libraries\standard\standard.fun"
    LogicalPath="Libraries.standard.standard.fun"
    Type="File"
    LastWriteTime="133515358197764498"
    Private="false" />
  <Object
    Path="C:\Proyectos\ProyectosBR\proyectoDardos\Logical\Libraries\standard\standard.typ"
    LogicalPath="Libraries.standard.standard.typ"
    Type="File"
    LastWriteTime="133515358197764498"
    Private="false" />
  <Object
    Path="C:\Proyectos\ProyectosBR\proyectoDardos\Logical\Libraries\standard\standard.var"
    LogicalPath="Libraries.standard.standard.var"
    Type="File"
    LastWriteTime="133515358197774636"
    Private="false" />
  <Object
    Path="C:\Proyectos\ProyectosBR\proyectoDardos\Logical\Source\Package.pkg"
    LogicalPath="Source"
    Type="Package"
    LastWriteTime="133516588804558476" />
  <Object
    Path="C:\Proyectos\ProyectosBR\proyectoDardos\Logical\Source\PlayersCtrl\IEC.prg"
    LogicalPath="Source.PlayersCtrl"
    Type="Program"
    LastWriteTime="133515358197834500" />
  <Object
    Path="C:\Proyectos\ProyectosBR\proyectoDardos\Logical\Source\PlayersCtrl\Main.st"
    LogicalPath="Source.PlayersCtrl.Main.st"
    Type="File"
    LastWriteTime="133515358197834500"
    Private="false" />
  <Object
    Path="C:\Proyectos\ProyectosBR\proyectoDardos\Logical\Source\PlayersCtrl\Types.typ"
    LogicalPath="Source.PlayersCtrl.Types.typ"
    Type="File"
    LastWriteTime="133515358197834500"
    Private="true" />
  <Object
    Path="C:\Proyectos\ProyectosBR\proyectoDardos\Logical\Source\PlayersCtrl\Variables.var"
    LogicalPath="Source.PlayersCtrl.Variables.var"
    Type="File"
    LastWriteTime="133515358197834500"
    Private="true" />
  <Object
    Path="C:\Proyectos\ProyectosBR\proyectoDardos\Logical\Source\ScoreCtrl\IEC.prg"
    LogicalPath="Source.ScoreCtrl"
    Type="Program"
    LastWriteTime="133515358197844483" />
  <Object
    Path="C:\Proyectos\ProyectosBR\proyectoDardos\Logical\Source\ScoreCtrl\Main.st"
    LogicalPath="Source.ScoreCtrl.Main.st"
    Type="File"
    LastWriteTime="133515358197844483"
    Private="false" />
  <Object
    Path="C:\Proyectos\ProyectosBR\proyectoDardos\Logical\Source\ScoreCtrl\Types.typ"
    LogicalPath="Source.ScoreCtrl.Types.typ"
    Type="File"
    LastWriteTime="133515358197854607"
    Private="true" />
  <Object
    Path="C:\Proyectos\ProyectosBR\proyectoDardos\Logical\Source\ScoreCtrl\Variables.var"
    LogicalPath="Source.ScoreCtrl.Variables.var"
    Type="File"
    LastWriteTime="133515358197854607"
    Private="true" />
  <Object
    Path="C:\Proyectos\ProyectosBR\proyectoDardos\Logical\Source\VisapiCtrl\IEC.prg"
    LogicalPath="Source.VisapiCtrl"
    Type="Program"
    LastWriteTime="133516588544043261" />
  <Object
    Path="C:\Proyectos\ProyectosBR\proyectoDardos\Logical\Source\VisapiCtrl\Main.st"
    LogicalPath="Source.VisapiCtrl.Main.st"
    Type="File"
    LastWriteTime="133516588544023882"
    Private="false" />
  <Object
    Path="C:\Proyectos\ProyectosBR\proyectoDardos\Logical\Source\VisapiCtrl\Types.typ"
    LogicalPath="Source.VisapiCtrl.Types.typ"
    Type="File"
    LastWriteTime="133516588544033215"
    Private="true" />
  <Object
    Path="C:\Proyectos\ProyectosBR\proyectoDardos\Logical\Source\VisapiCtrl\Variables.var"
    LogicalPath="Source.VisapiCtrl.Variables.var"
    Type="File"
    LastWriteTime="133516588544033215"
    Private="true" />
  <Object
    Path="C:\Proyectos\ProyectosBR\proyectoDardos\Logical\Visu\Package.pkg"
    LogicalPath="Visu"
    Type="Package"
    LastWriteTime="133515358198432667" />
  <Object
    Path="C:\Proyectos\ProyectosBR\proyectoDardos\Logical\Visu\VisuCtrl\IEC.prg"
    LogicalPath="Visu.VisuCtrl"
    Type="Program"
    LastWriteTime="133515358198442711" />
  <Object
    Path="C:\Proyectos\ProyectosBR\proyectoDardos\Logical\Visu\VisuCtrl\Main.st"
    LogicalPath="Visu.VisuCtrl.Main.st"
    Type="File"
    LastWriteTime="133515358198442711"
    Private="false" />
  <Object
    Path="C:\Proyectos\ProyectosBR\proyectoDardos\Logical\Visu\VisuCtrl\Types.typ"
    LogicalPath="Visu.VisuCtrl.Types.typ"
    Type="File"
    LastWriteTime="133515358198442711"
    Private="true" />
  <Object
    Path="C:\Proyectos\ProyectosBR\proyectoDardos\Logical\Visu\VisuCtrl\Variables.var"
    LogicalPath="Visu.VisuCtrl.Variables.var"
    Type="File"
    LastWriteTime="133515358198442711"
    Private="true" />
  <Object
    Path="C:\Proyectos\ProyectosBR\proyectoDardos\Logical\Visu\VisuDardos\Vc.dob"
    LogicalPath="Visu.VisuDardos"
    Type="DataObject"
    LastWriteTime="133515358202626059" />
  <Object
    Path="C:\Proyectos\ProyectosBR\proyectoDardos\Logical\Visu\VisuDardos\VCObject.vc"
    LogicalPath="Visu.VisuDardos.VCObject.vc"
    Type="File"
    LastWriteTime="133515358202615874"
    Private="false" />
  <Object
    Path="C:\Proyectos\ProyectosBR\proyectoDardos\Logical\Doc\Package.pkg"
    LogicalPath="Doc"
    Type="Package"
    LastWriteTime="133515358197624470" />
  <Object
    Path="C:\Proyectos\ProyectosBR\proyectoDardos\Logical\Doc\Main.png"
    LogicalPath="Doc.Main.png"
    Type="File"
    LastWriteTime="133515358197624470"
    Private="false" />
  <Object
    Path="C:\Proyectos\ProyectosBR\proyectoDardos\Physical\Config1\Config.pkg"
    LogicalPath="Config1"
    Type="Configuration.ParentUnknown"
    LastWriteTime="133515358202875871" />
  <Object
    Path="C:\Proyectos\ProyectosBR\proyectoDardos\Physical\Config1\Hardware.hw"
    LogicalPath="Config1.Hardware.hw"
    Type="File"
    LastWriteTime="133515358202885898"
    Private="false" />
  <Object
    Path="C:\Proyectos\ProyectosBR\proyectoDardos\Physical\Config1\Hardware.hwl"
    LogicalPath="Config1.Hardware.hwl"
    Type="File"
    LastWriteTime="133515358202885898"
    Private="false" />
  <Object
    Path="C:\Proyectos\ProyectosBR\proyectoDardos\Physical\Config1\4PPC70_0702_23B\Cpu.pkg"
    LogicalPath="Config1.4PPC70_0702_23B"
    Type="Cpu"
    LastWriteTime="133516455091247880" />
  <Object
    Path="C:\Proyectos\ProyectosBR\proyectoDardos\Physical\Config1\4PPC70_0702_23B\Cpu.sw"
    LogicalPath="Config1.4PPC70_0702_23B.Cpu.sw"
    Type="File"
    LastWriteTime="133516588804646121"
    Private="false" />
  <Object
    Path="C:\Proyectos\ProyectosBR\proyectoDardos\Physical\Config1\4PPC70_0702_23B\Cpu.per"
    LogicalPath="Config1.4PPC70_0702_23B.Cpu.per"
    Type="File"
    LastWriteTime="133515358202775946"
    Private="false" />
  <Object
    Path="C:\Proyectos\ProyectosBR\proyectoDardos\Physical\Config1\4PPC70_0702_23B\IoMap.iom"
    LogicalPath="Config1.4PPC70_0702_23B.IoMap.iom"
    Type="File"
    LastWriteTime="133515358202785984"
    Private="false" />
  <Object
    Path="C:\Proyectos\ProyectosBR\proyectoDardos\Physical\Config1\4PPC70_0702_23B\PvMap.vvm"
    LogicalPath="Config1.4PPC70_0702_23B.PvMap.vvm"
    Type="File"
    LastWriteTime="133515358202795896"
    Private="false" />
  <Object
    Path="C:\Proyectos\ProyectosBR\proyectoDardos\Physical\Config1\4PPC70_0702_23B\Connectivity\Package.pkg"
    LogicalPath="Config1.4PPC70_0702_23B.Connectivity"
    Type="Package"
    LastWriteTime="133515358202766138" />
  <Object
    Path="C:\Proyectos\ProyectosBR\proyectoDardos\Physical\Config1\4PPC70_0702_23B\Connectivity\OpcUA\Package.pkg"
    LogicalPath="Config1.4PPC70_0702_23B.Connectivity.OpcUA"
    Type="Package"
    LastWriteTime="133515358202766138" />
  <Object
    Path="C:\Proyectos\ProyectosBR\proyectoDardos\Physical\Config1\4PPC70_0702_23B\TextSystem\Package.pkg"
    LogicalPath="Config1.4PPC70_0702_23B.TextSystem"
    Type="Package"
    LastWriteTime="133515358202805880" />
  <Object
    Path="C:\Proyectos\ProyectosBR\proyectoDardos\Physical\Config1\4PPC70_0702_23B\UnitSystem\Package.pkg"
    LogicalPath="Config1.4PPC70_0702_23B.UnitSystem"
    Type="Package"
    LastWriteTime="133515358202805880" />
  <Object
    Path="C:\Proyectos\ProyectosBR\proyectoDardos\Physical\Config1\4PPC70_0702_23B\AccessAndSecurity\Package.pkg"
    LogicalPath="Config1.4PPC70_0702_23B.AccessAndSecurity"
    Type="Package"
    LastWriteTime="133515358202725921" />
  <Object
    Path="C:\Proyectos\ProyectosBR\proyectoDardos\Physical\Config1\4PPC70_0702_23B\AccessAndSecurity\UserRoleSystem\Package.pkg"
    LogicalPath="Config1.4PPC70_0702_23B.AccessAndSecurity.UserRoleSystem"
    Type="Package"
    LastWriteTime="133515358202735897" />
  <Object
    Path="C:\Proyectos\ProyectosBR\proyectoDardos\Physical\Config1\4PPC70_0702_23B\AccessAndSecurity\UserRoleSystem\Role.role"
    LogicalPath="Config1.4PPC70_0702_23B.AccessAndSecurity.UserRoleSystem.Role.role"
    Type="File"
    LastWriteTime="133515358202745846"
    Private="false" />
  <Object
    Path="C:\Proyectos\ProyectosBR\proyectoDardos\Physical\Config1\4PPC70_0702_23B\AccessAndSecurity\UserRoleSystem\User.user"
    LogicalPath="Config1.4PPC70_0702_23B.AccessAndSecurity.UserRoleSystem.User.user"
    Type="File"
    LastWriteTime="133515358202755214"
    Private="false" />
  <Object
    Path="C:\Proyectos\ProyectosBR\proyectoDardos\Physical\Config1\4PPC70_0702_23B\AccessAndSecurity\CertificateStore\Package.pkg"
    LogicalPath="Config1.4PPC70_0702_23B.AccessAndSecurity.CertificateStore"
    Type="Package"
    LastWriteTime="133515358202695895" />
  <Object
    Path="C:\Proyectos\ProyectosBR\proyectoDardos\Physical\Config1\4PPC70_0702_23B\AccessAndSecurity\CertificateStore\OwnCertificates\Package.pkg"
    LogicalPath="Config1.4PPC70_0702_23B.AccessAndSecurity.CertificateStore.OwnCertificates"
    Type="Package"
    LastWriteTime="133515358202685961" />
  <Object
    Path="C:\Proyectos\ProyectosBR\proyectoDardos\Physical\Config1\4PPC70_0702_23B\AccessAndSecurity\CertificateStore\OwnCertificates\Certificates\Package.pkg"
    LogicalPath="Config1.4PPC70_0702_23B.AccessAndSecurity.CertificateStore.OwnCertificates.Certificates"
    Type="Package"
    LastWriteTime="133515358202685961" />
  <Object
    Path="C:\Proyectos\ProyectosBR\proyectoDardos\Physical\Config1\4PPC70_0702_23B\AccessAndSecurity\CertificateStore\OwnCertificates\PrivateKeys\Package.pkg"
    LogicalPath="Config1.4PPC70_0702_23B.AccessAndSecurity.CertificateStore.OwnCertificates.PrivateKeys"
    Type="Package"
    LastWriteTime="133515358202695895" />
  <Object
    Path="C:\Proyectos\ProyectosBR\proyectoDardos\Physical\Config1\4PPC70_0702_23B\AccessAndSecurity\CertificateStore\ThirdPartyCertificates\Package.pkg"
    LogicalPath="Config1.4PPC70_0702_23B.AccessAndSecurity.CertificateStore.ThirdPartyCertificates"
    Type="Package"
    LastWriteTime="133515358202705974" />
  <Object
    Path="C:\Proyectos\ProyectosBR\proyectoDardos\Physical\Config1\4PPC70_0702_23B\AccessAndSecurity\CertificateStore\ThirdPartyCertificates\SoftwareCertificates\Package.pkg"
    LogicalPath="Config1.4PPC70_0702_23B.AccessAndSecurity.CertificateStore.ThirdPartyCertificates.SoftwareCertificates"
    Type="Package"
    LastWriteTime="133515358202715888" />
  <Object
    Path="C:\Proyectos\ProyectosBR\proyectoDardos\Physical\Config1\4PPC70_0702_23B\AccessAndSecurity\CertificateStore\CertificateRevocationLists\Package.pkg"
    LogicalPath="Config1.4PPC70_0702_23B.AccessAndSecurity.CertificateStore.CertificateRevocationLists"
    Type="Package"
    LastWriteTime="133515358202655903" />
  <Object
    Path="C:\Proyectos\ProyectosBR\proyectoDardos\Physical\Config1\4PPC70_0702_23B\AccessAndSecurity\CertificateStore\CertificateSigningRequests\Package.pkg"
    LogicalPath="Config1.4PPC70_0702_23B.AccessAndSecurity.CertificateStore.CertificateSigningRequests"
    Type="Package"
    LastWriteTime="133515358202666027" />
  <Object
    Path="C:\Proyectos\ProyectosBR\proyectoDardos\Physical\Config1\4PPC70_0702_23B\AccessAndSecurity\TransportLayerSecurity\Package.pkg"
    LogicalPath="Config1.4PPC70_0702_23B.AccessAndSecurity.TransportLayerSecurity"
    Type="Package"
    LastWriteTime="133515358202735897" />
  <Object
    Path="C:\Proyectos\ProyectosBR\proyectoDardos\Physical\Config1\4PPC70_0702_23B\AccessAndSecurity\Firewall\Package.pkg"
    LogicalPath="Config1.4PPC70_0702_23B.AccessAndSecurity.Firewall"
    Type="Package"
    LastWriteTime="133515358202725921" />
  <Object
    Path="C:\Proyectos\ProyectosBR\proyectoDardos\Physical\Config1\4PPC70_0702_23B\AccessAndSecurity\Firewall\Rules.firewallRules"
    LogicalPath="Config1.4PPC70_0702_23B.AccessAndSecurity.Firewall.Rules.firewallRules"
    Type="File"
    LastWriteTime="133515358202725921"
    Private="false" />
  <Object
    Path="C:\Proyectos\ProyectosBR\proyectoDardos\Physical\Config1\4PPC70_0702_23B\mappControl\Package.pkg"
    LogicalPath="Config1.4PPC70_0702_23B.mappControl"
    Type="Package"
    LastWriteTime="133515358202835918" />
  <Object
    Path="C:\Proyectos\ProyectosBR\proyectoDardos\Physical\Config1\4PPC70_0702_23B\mappMotion\Package.pkg"
    LogicalPath="Config1.4PPC70_0702_23B.mappMotion"
    Type="Package"
    LastWriteTime="133515358202835918" />
  <Object
    Path="C:\Proyectos\ProyectosBR\proyectoDardos\Physical\Config1\4PPC70_0702_23B\mappServices\Package.pkg"
    LogicalPath="Config1.4PPC70_0702_23B.mappServices"
    Type="Package"
    LastWriteTime="133515358202865841" />
  <Object
    Path="C:\Proyectos\ProyectosBR\proyectoDardos\Physical\Config1\4PPC70_0702_23B\mappSafety\Package.pkg"
    LogicalPath="Config1.4PPC70_0702_23B.mappSafety"
    Type="Package"
    LastWriteTime="133515358202845891" />
  <Object
    Path="C:\Proyectos\ProyectosBR\proyectoDardos\Physical\Config1\4PPC70_0702_23B\mappSafety\SafeApplication\Package.pkg"
    LogicalPath="Config1.4PPC70_0702_23B.mappSafety.SafeApplication"
    Type="Package"
    LastWriteTime="133515358202855904" />
  <Object
    Path="C:\Proyectos\ProyectosBR\proyectoDardos\Physical\Config1\4PPC70_0702_23B\mappSafety\SafeCommissioning\Package.pkg"
    LogicalPath="Config1.4PPC70_0702_23B.mappSafety.SafeCommissioning"
    Type="Package"
    LastWriteTime="133515358202855904" />
  <Object
    Path="C:\Proyectos\ProyectosBR\proyectoDardos\Physical\Config1\4PPC70_0702_23B\mappView\Package.pkg"
    LogicalPath="Config1.4PPC70_0702_23B.mappView"
    Type="Package"
    LastWriteTime="133515358202865841" />
  <Object
    Path="C:\Proyectos\ProyectosBR\proyectoDardos\Physical\Config1\4PPC70_0702_23B\mappVision\Package.pkg"
    LogicalPath="Config1.4PPC70_0702_23B.mappVision"
    Type="Package"
    LastWriteTime="133515358202875871" />
  <Object
    Path="C:\Proyectos\ProyectosBR\proyectoDardos\Physical\Config1\4PPC70_0702_23B\mappCockpit\Package.pkg"
    LogicalPath="Config1.4PPC70_0702_23B.mappCockpit"
    Type="Package"
    LastWriteTime="133515358202825943" />
  <Object
    Path="C:\Proyectos\ProyectosBR\proyectoDardos\Physical\Config1\4PPC70_0702_23B\VC\Package.pkg"
    LogicalPath="Config1.4PPC70_0702_23B.VC"
    Type="Package"
    LastWriteTime="133515358202816001" />
  <Object
    Path="C:\Proyectos\ProyectosBR\proyectoDardos\Physical\Config1\4PPC70_0702_23B\VC\4PPC70_0702_23B.dis"
    LogicalPath="Config1.4PPC70_0702_23B.VC.4PPC70_0702_23B.dis"
    Type="File"
    LastWriteTime="133515358202816001"
    Private="false" />
  <Object
    Path="C:\Proyectos\ProyectosBR\proyectoDardos\Physical\Config1\4PPC70_0702_23B\VC\PS2-Keyboard.dis"
    LogicalPath="Config1.4PPC70_0702_23B.VC.PS2-Keyboard.dis"
    Type="File"
    LastWriteTime="133515358202816001"
    Private="false" />
  <Object
    Path="C:\Proyectos\ProyectosBR\proyectoDardos\Physical\Config1\Hardware.jpg"
    LogicalPath="Config1.Hardware.jpg"
    Type="File"
    LastWriteTime="133515358202895909"
    Private="false" />
</Objects>